Command line invocation:
    /Applications/Xcode_26.6.app/Contents/Developer/usr/bin/xcodebuild -project mac/Simpl.xcodeproj -scheme Simpl -configuration Debug -destination platform=macOS -derivedDataPath build CODE_SIGN_IDENTITY=- CODE_SIGN_STYLE=Manual DEVELOPMENT_TEAM= COMPILER_INDEX_STORE_ENABLE=NO ONLY_ACTIVE_ARCH=YES -showBuildTimingSummary build

Build settings from command line:
    CODE_SIGN_IDENTITY = -
    CODE_SIGN_STYLE = Manual
    COMPILER_INDEX_STORE_ENABLE = NO
    DEVELOPMENT_TEAM = 
    ONLY_ACTIVE_ARCH = YES

--- xcodebuild: WARNING: Using the first of multiple matching destinations:
{ platform:macOS, arch:arm64, id:f355e3a07d87a3a3cae7405511e8c42c93fbb5a3, name:My Mac }
{ platform:macOS, arch:x86_64, id:f355e3a07d87a3a3cae7405511e8c42c93fbb5a3, name:My Mac }
note: Using codesigning identity override: -
ComputePackagePrebuildTargetDependencyGraph

Prepare packages

CreateBuildRequest

SendProjectDescription

CreateBuildOperation

ComputeTargetDependencyGraph
note: Building targets in dependency order
note: Target dependency graph (1 target)
    Target 'Simpl' in project 'Simpl' (no dependencies)

GatherProvisioningInputs

CreateBuildDescription

ExecuteExternalTool /Applications/Xcode_26.6.app/Contents/Developer/Toolchains/XcodeDefault.xctoolchain/usr/bin/clang -v -E -dM -isysroot /Applications/Xcode_26.6.app/Contents/Developer/Platforms/MacOSX.platform/Developer/SDKs/MacOSX26.5.sdk -x c -c /dev/null

ExecuteExternalTool /Applications/Xcode_26.6.app/Contents/Developer/usr/bin/actool --version --output-format xml1

ExecuteExternalTool /Applications/Xcode_26.6.app/Contents/Developer/Toolchains/XcodeDefault.xctoolchain/usr/bin/swiftc --version

ExecuteExternalTool /Applications/Xcode_26.6.app/Contents/Developer/Toolchains/XcodeDefault.xctoolchain/usr/bin/ld -version_details

Build description signature: ce152049b14df9aba3fe7034021839c8
Build description path: /Users/runner/work/BetterCourseViewer/BetterCourseViewer/build/Build/Intermediates.noindex/XCBuildData/ce152049b14df9aba3fe7034021839c8.xcbuilddata
ClangStatCache /Applications/Xcode_26.6.app/Contents/Developer/Toolchains/XcodeDefault.xctoolchain/usr/bin/clang-stat-cache /Applications/Xcode_26.6.app/Contents/Developer/Platforms/MacOSX.platform/Developer/SDKs/MacOSX26.5.sdk /Users/runner/work/BetterCourseViewer/BetterCourseViewer/build/SDKStatCaches.noindex/macosx26.5-25F70-688ef53f1462e2c8f657fdc38a81448fee0e6409aa6676c5e6c013d148225433.sdkstatcache
    cd /Users/runner/work/BetterCourseViewer/BetterCourseViewer/mac/Simpl.xcodeproj
    /Applications/Xcode_26.6.app/Contents/Developer/Toolchains/XcodeDefault.xctoolchain/usr/bin/clang-stat-cache /Applications/Xcode_26.6.app/Contents/Developer/Platforms/MacOSX.platform/Developer/SDKs/MacOSX26.5.sdk -o /Users/runner/work/BetterCourseViewer/BetterCourseViewer/build/SDKStatCaches.noindex/macosx26.5-25F70-688ef53f1462e2c8f657fdc38a81448fee0e6409aa6676c5e6c013d148225433.sdkstatcache
Base directory status changed. Regenerating...

Ld /Users/runner/work/BetterCourseViewer/BetterCourseViewer/build/Build/Products/Debug/Simpl.app/Contents/MacOS/__preview.dylib normal (in target 'Simpl' from project 'Simpl')
    cd /Users/runner/work/BetterCourseViewer/BetterCourseViewer/mac
    /Applications/Xcode_26.6.app/Contents/Developer/Toolchains/XcodeDefault.xctoolchain/usr/bin/clang -Xlinker -reproducible -target arm64-apple-macos14.0 -dynamiclib -isysroot /Applications/Xcode_26.6.app/Contents/Developer/Platforms/MacOSX.platform/Developer/SDKs/MacOSX26.5.sdk -O0 -L/Users/runner/work/BetterCourseViewer/BetterCourseViewer/build/Build/Products/Debug -F/Users/runner/work/BetterCourseViewer/BetterCourseViewer/build/Build/Products/Debug -install_name @rpath/Simpl.debug.dylib -rdynamic -Xlinker -no_deduplicate -Xlinker -dependency_info -Xlinker /Users/runner/work/BetterCourseViewer/BetterCourseViewer/build/Build/Intermediates.noindex/Simpl.build/Debug/Simpl.build/Objects-normal/arm64/Simpl_dependency_info.dat -Xlinker -no_adhoc_codesign -o /Users/runner/work/BetterCourseViewer/BetterCourseViewer/build/Build/Products/Debug/Simpl.app/Contents/MacOS/__preview.dylib

SwiftDriver Simpl normal arm64 com.apple.xcode.tools.swift.compiler (in target 'Simpl' from project 'Simpl')
    cd /Users/runner/work/BetterCourseViewer/BetterCourseViewer/mac
    builtin-SwiftDriver -- /Applications/Xcode_26.6.app/Contents/Developer/Toolchains/XcodeDefault.xctoolchain/usr/bin/swiftc -module-name Simpl -Onone @/Users/runner/work/BetterCourseViewer/BetterCourseViewer/build/Build/Intermediates.noindex/Simpl.build/Debug/Simpl.build/Objects-normal/arm64/Simpl.SwiftFileList -DDEBUG -enable-bare-slash-regex -enable-experimental-feature DebugDescriptionMacro -sdk /Applications/Xcode_26.6.app/Contents/Developer/Platforms/MacOSX.platform/Developer/SDKs/MacOSX26.5.sdk -target arm64-apple-macos14.0 -g -module-cache-path /Users/runner/work/BetterCourseViewer/BetterCourseViewer/build/ModuleCache.noindex -Xfrontend -serialize-debugging-options -enable-testing -Xcc -D_LIBCPP_HARDENING_MODE\=_LIBCPP_HARDENING_MODE_DEBUG -swift-version 5 -I /Users/runner/work/BetterCourseViewer/BetterCourseViewer/build/Build/Products/Debug -F /Users/runner/work/BetterCourseViewer/BetterCourseViewer/build/Build/Products/Debug -c -j3 -enable-batch-mode -incremental -Xcc -ivfsstatcache -Xcc /Users/runner/work/BetterCourseViewer/BetterCourseViewer/build/SDKStatCaches.noindex/macosx26.5-25F70-688ef53f1462e2c8f657fdc38a81448fee0e6409aa6676c5e6c013d148225433.sdkstatcache -output-file-map /Users/runner/work/BetterCourseViewer/BetterCourseViewer/build/Build/Intermediates.noindex/Simpl.build/Debug/Simpl.build/Objects-normal/arm64/Simpl-OutputFileMap.json -use-frontend-parseable-output -save-temps -no-color-diagnostics -explicit-module-build -module-cache-path /Users/runner/work/BetterCourseViewer/BetterCourseViewer/build/Build/Intermediates.noindex/SwiftExplicitPrecompiledModules -clang-scanner-module-cache-path /Users/runner/work/BetterCourseViewer/BetterCourseViewer/build/ModuleCache.noindex -sdk-module-cache-path /Users/runner/work/BetterCourseViewer/BetterCourseViewer/build/ModuleCache.noindex -serialize-diagnostics -emit-dependencies -emit-module -emit-module-path /Users/runner/work/BetterCourseViewer/BetterCourseViewer/build/Build/Intermediates.noindex/Simpl.build/Debug/Simpl.build/Objects-normal/arm64/Simpl.swiftmodule -validate-clang-modules-once -clang-build-session-file /Users/runner/work/BetterCourseViewer/BetterCourseViewer/build/ModuleCache.noindex/Session.modulevalidation -Xcc -I/Users/runner/work/BetterCourseViewer/BetterCourseViewer/build/Build/Intermediates.noindex/Simpl.build/Debug/Simpl.build/swift-overrides.hmap -emit-const-values -Xfrontend -const-gather-protocols-file -Xfrontend /Users/runner/work/BetterCourseViewer/BetterCourseViewer/build/Build/Intermediates.noindex/Simpl.build/Debug/Simpl.build/Objects-normal/arm64/Simpl_const_extract_protocols.json -Xcc -iquote -Xcc /Users/runner/work/BetterCourseViewer/BetterCourseViewer/build/Build/Intermediates.noindex/Simpl.build/Debug/Simpl.build/Simpl-generated-files.hmap -Xcc -I/Users/runner/work/BetterCourseViewer/BetterCourseViewer/build/Build/Intermediates.noindex/Simpl.build/Debug/Simpl.build/Simpl-own-target-headers.hmap -Xcc -I/Users/runner/work/BetterCourseViewer/BetterCourseViewer/build/Build/Intermediates.noindex/Simpl.build/Debug/Simpl.build/Simpl-all-target-headers.hmap -Xcc -iquote -Xcc /Users/runner/work/BetterCourseViewer/BetterCourseViewer/build/Build/Intermediates.noindex/Simpl.build/Debug/Simpl.build/Simpl-project-headers.hmap -Xcc -I/Users/runner/work/BetterCourseViewer/BetterCourseViewer/build/Build/Products/Debug/include -Xcc -I/Users/runner/work/BetterCourseViewer/BetterCourseViewer/build/Build/Intermediates.noindex/Simpl.build/Debug/Simpl.build/DerivedSources-normal/arm64 -Xcc -I/Users/runner/work/BetterCourseViewer/BetterCourseViewer/build/Build/Intermediates.noindex/Simpl.build/Debug/Simpl.build/DerivedSources/arm64 -Xcc -I/Users/runner/work/BetterCourseViewer/BetterCourseViewer/build/Build/Intermediates.noindex/Simpl.build/Debug/Simpl.build/DerivedSources -Xcc -DDEBUG\=1 -emit-objc-header -emit-objc-header-path /Users/runner/work/BetterCourseViewer/BetterCourseViewer/build/Build/Intermediates.noindex/Simpl.build/Debug/Simpl.build/Objects-normal/arm64/Simpl-Swift.h -working-directory /Users/runner/work/BetterCourseViewer/BetterCourseViewer/mac -experimental-emit-module-separately -disable-cmo

SwiftEmitModule normal arm64 Emitting\ module\ for\ Simpl (in target 'Simpl' from project 'Simpl')

EmitSwiftModule normal arm64 (in target 'Simpl' from project 'Simpl')
    cd /Users/runner/work/BetterCourseViewer/BetterCourseViewer/mac
    

SwiftCompile normal arm64 Compiling\ MacWhatsNew.swift /Users/runner/work/BetterCourseViewer/BetterCourseViewer/mac/Simpl/Support/MacWhatsNew.swift (in target 'Simpl' from project 'Simpl')

SwiftCompile normal arm64 /Users/runner/work/BetterCourseViewer/BetterCourseViewer/mac/Simpl/Support/MacWhatsNew.swift (in target 'Simpl' from project 'Simpl')
    cd /Users/runner/work/BetterCourseViewer/BetterCourseViewer/mac
    

SwiftCompile normal arm64 Compiling\ AltaSession.swift /Users/runner/work/BetterCourseViewer/BetterCourseViewer/mac/Simpl/Engine/AltaSession.swift (in target 'Simpl' from project 'Simpl')

SwiftCompile normal arm64 /Users/runner/work/BetterCourseViewer/BetterCourseViewer/mac/Simpl/Engine/AltaSession.swift (in target 'Simpl' from project 'Simpl')
    cd /Users/runner/work/BetterCourseViewer/BetterCourseViewer/mac
    

SwiftDriverJobDiscovery normal arm64 Compiling MacWhatsNew.swift (in target 'Simpl' from project 'Simpl')

SwiftCompile normal arm64 Compiling\ Engine.swift,\ Commands.swift /Users/runner/work/BetterCourseViewer/BetterCourseViewer/mac/Simpl/Engine/Engine.swift /Users/runner/work/BetterCourseViewer/BetterCourseViewer/mac/Simpl/Shell/Commands.swift (in target 'Simpl' from project 'Simpl')

SwiftCompile normal arm64 /Users/runner/work/BetterCourseViewer/BetterCourseViewer/mac/Simpl/Engine/Engine.swift (in target 'Simpl' from project 'Simpl')
    cd /Users/runner/work/BetterCourseViewer/BetterCourseViewer/mac
    

SwiftCompile normal arm64 /Users/runner/work/BetterCourseViewer/BetterCourseViewer/mac/Simpl/Shell/Commands.swift (in target 'Simpl' from project 'Simpl')
    cd /Users/runner/work/BetterCourseViewer/BetterCourseViewer/mac
    

SwiftCompile normal arm64 Compiling\ MainShell.swift,\ RootView.swift /Users/runner/work/BetterCourseViewer/BetterCourseViewer/mac/Simpl/Shell/MainShell.swift /Users/runner/work/BetterCourseViewer/BetterCourseViewer/mac/Simpl/Shell/RootView.swift (in target 'Simpl' from project 'Simpl')
SwiftCompile normal arm64 /Users/runner/work/BetterCourseViewer/BetterCourseViewer/mac/Simpl/Shell/MainShell.swift (in target 'Simpl' from project 'Simpl')
    cd /Users/runner/work/BetterCourseViewer/BetterCourseViewer/mac
    

SwiftCompile normal arm64 /Users/runner/work/BetterCourseViewer/BetterCourseViewer/mac/Simpl/Shell/RootView.swift (in target 'Simpl' from project 'Simpl')
    cd /Users/runner/work/BetterCourseViewer/BetterCourseViewer/mac
    

SwiftDriverJobDiscovery normal arm64 Compiling Engine.swift, Commands.swift (in target 'Simpl' from project 'Simpl')

SwiftCompile normal arm64 Compiling\ SearchCommands.swift /Users/runner/work/BetterCourseViewer/BetterCourseViewer/mac/Simpl/Shell/SearchCommands.swift (in target 'Simpl' from project 'Simpl')
SwiftCompile normal arm64 /Users/runner/work/BetterCourseViewer/BetterCourseViewer/mac/Simpl/Shell/SearchCommands.swift (in target 'Simpl' from project 'Simpl')
    cd /Users/runner/work/BetterCourseViewer/BetterCourseViewer/mac
    

SwiftDriverJobDiscovery normal arm64 Compiling AltaSession.swift (in target 'Simpl' from project 'Simpl')

SwiftDriverJobDiscovery normal arm64 Emitting module for Simpl (in target 'Simpl' from project 'Simpl')

SwiftDriver\ Compilation\ Requirements Simpl normal arm64 com.apple.xcode.tools.swift.compiler (in target 'Simpl' from project 'Simpl')
    cd /Users/runner/work/BetterCourseViewer/BetterCourseViewer/mac
    builtin-Swift-Compilation-Requirements -- /Applications/Xcode_26.6.app/Contents/Developer/Toolchains/XcodeDefault.xctoolchain/usr/bin/swiftc -module-name Simpl -Onone @/Users/runner/work/BetterCourseViewer/BetterCourseViewer/build/Build/Intermediates.noindex/Simpl.build/Debug/Simpl.build/Objects-normal/arm64/Simpl.SwiftFileList -DDEBUG -enable-bare-slash-regex -enable-experimental-feature DebugDescriptionMacro -sdk /Applications/Xcode_26.6.app/Contents/Developer/Platforms/MacOSX.platform/Developer/SDKs/MacOSX26.5.sdk -target arm64-apple-macos14.0 -g -module-cache-path /Users/runner/work/BetterCourseViewer/BetterCourseViewer/build/ModuleCache.noindex -Xfrontend -serialize-debugging-options -enable-testing -Xcc -D_LIBCPP_HARDENING_MODE\=_LIBCPP_HARDENING_MODE_DEBUG -swift-version 5 -I /Users/runner/work/BetterCourseViewer/BetterCourseViewer/build/Build/Products/Debug -F /Users/runner/work/BetterCourseViewer/BetterCourseViewer/build/Build/Products/Debug -c -j3 -enable-batch-mode -incremental -Xcc -ivfsstatcache -Xcc /Users/runner/work/BetterCourseViewer/BetterCourseViewer/build/SDKStatCaches.noindex/macosx26.5-25F70-688ef53f1462e2c8f657fdc38a81448fee0e6409aa6676c5e6c013d148225433.sdkstatcache -output-file-map /Users/runner/work/BetterCourseViewer/BetterCourseViewer/build/Build/Intermediates.noindex/Simpl.build/Debug/Simpl.build/Objects-normal/arm64/Simpl-OutputFileMap.json -use-frontend-parseable-output -save-temps -no-color-diagnostics -explicit-module-build -module-cache-path /Users/runner/work/BetterCourseViewer/BetterCourseViewer/build/Build/Intermediates.noindex/SwiftExplicitPrecompiledModules -clang-scanner-module-cache-path /Users/runner/work/BetterCourseViewer/BetterCourseViewer/build/ModuleCache.noindex -sdk-module-cache-path /Users/runner/work/BetterCourseViewer/BetterCourseViewer/build/ModuleCache.noindex -serialize-diagnostics -emit-dependencies -emit-module -emit-module-path /Users/runner/work/BetterCourseViewer/BetterCourseViewer/build/Build/Intermediates.noindex/Simpl.build/Debug/Simpl.build/Objects-normal/arm64/Simpl.swiftmodule -validate-clang-modules-once -clang-build-session-file /Users/runner/work/BetterCourseViewer/BetterCourseViewer/build/ModuleCache.noindex/Session.modulevalidation -Xcc -I/Users/runner/work/BetterCourseViewer/BetterCourseViewer/build/Build/Intermediates.noindex/Simpl.build/Debug/Simpl.build/swift-overrides.hmap -emit-const-values -Xfrontend -const-gather-protocols-file -Xfrontend /Users/runner/work/BetterCourseViewer/BetterCourseViewer/build/Build/Intermediates.noindex/Simpl.build/Debug/Simpl.build/Objects-normal/arm64/Simpl_const_extract_protocols.json -Xcc -iquote -Xcc /Users/runner/work/BetterCourseViewer/BetterCourseViewer/build/Build/Intermediates.noindex/Simpl.build/Debug/Simpl.build/Simpl-generated-files.hmap -Xcc -I/Users/runner/work/BetterCourseViewer/BetterCourseViewer/build/Build/Intermediates.noindex/Simpl.build/Debug/Simpl.build/Simpl-own-target-headers.hmap -Xcc -I/Users/runner/work/BetterCourseViewer/BetterCourseViewer/build/Build/Intermediates.noindex/Simpl.build/Debug/Simpl.build/Simpl-all-target-headers.hmap -Xcc -iquote -Xcc /Users/runner/work/BetterCourseViewer/BetterCourseViewer/build/Build/Intermediates.noindex/Simpl.build/Debug/Simpl.build/Simpl-project-headers.hmap -Xcc -I/Users/runner/work/BetterCourseViewer/BetterCourseViewer/build/Build/Products/Debug/include -Xcc -I/Users/runner/work/BetterCourseViewer/BetterCourseViewer/build/Build/Intermediates.noindex/Simpl.build/Debug/Simpl.build/DerivedSources-normal/arm64 -Xcc -I/Users/runner/work/BetterCourseViewer/BetterCourseViewer/build/Build/Intermediates.noindex/Simpl.build/Debug/Simpl.build/DerivedSources/arm64 -Xcc -I/Users/runner/work/BetterCourseViewer/BetterCourseViewer/build/Build/Intermediates.noindex/Simpl.build/Debug/Simpl.build/DerivedSources -Xcc -DDEBUG\=1 -emit-objc-header -emit-objc-header-path /Users/runner/work/BetterCourseViewer/BetterCourseViewer/build/Build/Intermediates.noindex/Simpl.build/Debug/Simpl.build/Objects-normal/arm64/Simpl-Swift.h -working-directory /Users/runner/work/BetterCourseViewer/BetterCourseViewer/mac -experimental-emit-module-separately -disable-cmo

Copy /Users/runner/work/BetterCourseViewer/BetterCourseViewer/build/Build/Products/Debug/Simpl.swiftmodule/arm64-apple-macos.swiftmodule /Users/runner/work/BetterCourseViewer/BetterCourseViewer/build/Build/Intermediates.noindex/Simpl.build/Debug/Simpl.build/Objects-normal/arm64/Simpl.swiftmodule (in target 'Simpl' from project 'Simpl')
    cd /Users/runner/work/BetterCourseViewer/BetterCourseViewer/mac
    builtin-copy -exclude .DS_Store -exclude CVS -exclude .svn -exclude .git -exclude .hg -resolve-src-symlinks -rename /Users/runner/work/BetterCourseViewer/BetterCourseViewer/build/Build/Intermediates.noindex/Simpl.build/Debug/Simpl.build/Objects-normal/arm64/Simpl.swiftmodule /Users/runner/work/BetterCourseViewer/BetterCourseViewer/build/Build/Products/Debug/Simpl.swiftmodule/arm64-apple-macos.swiftmodule

Copy /Users/runner/work/BetterCourseViewer/BetterCourseViewer/build/Build/Products/Debug/Simpl.swiftmodule/arm64-apple-macos.abi.json /Users/runner/work/BetterCourseViewer/BetterCourseViewer/build/Build/Intermediates.noindex/Simpl.build/Debug/Simpl.build/Objects-normal/arm64/Simpl.abi.json (in target 'Simpl' from project 'Simpl')
    cd /Users/runner/work/BetterCourseViewer/BetterCourseViewer/mac
    builtin-copy -exclude .DS_Store -exclude CVS -exclude .svn -exclude .git -exclude .hg -resolve-src-symlinks -rename /Users/runner/work/BetterCourseViewer/BetterCourseViewer/build/Build/Intermediates.noindex/Simpl.build/Debug/Simpl.build/Objects-normal/arm64/Simpl.abi.json /Users/runner/work/BetterCourseViewer/BetterCourseViewer/build/Build/Products/Debug/Simpl.swiftmodule/arm64-apple-macos.abi.json

Copy /Users/runner/work/BetterCourseViewer/BetterCourseViewer/build/Build/Products/Debug/Simpl.swiftmodule/Project/arm64-apple-macos.swiftsourceinfo /Users/runner/work/BetterCourseViewer/BetterCourseViewer/build/Build/Intermediates.noindex/Simpl.build/Debug/Simpl.build/Objects-normal/arm64/Simpl.swiftsourceinfo (in target 'Simpl' from project 'Simpl')
    cd /Users/runner/work/BetterCourseViewer/BetterCourseViewer/mac
    builtin-copy -exclude .DS_Store -exclude CVS -exclude .svn -exclude .git -exclude .hg -resolve-src-symlinks -rename /Users/runner/work/BetterCourseViewer/BetterCourseViewer/build/Build/Intermediates.noindex/Simpl.build/Debug/Simpl.build/Objects-normal/arm64/Simpl.swiftsourceinfo /Users/runner/work/BetterCourseViewer/BetterCourseViewer/build/Build/Products/Debug/Simpl.swiftmodule/Project/arm64-apple-macos.swiftsourceinfo

SwiftDriverJobDiscovery normal arm64 Compiling MainShell.swift, RootView.swift (in target 'Simpl' from project 'Simpl')

SwiftDriverJobDiscovery normal arm64 Compiling SearchCommands.swift (in target 'Simpl' from project 'Simpl')

SwiftDriver\ Compilation Simpl normal arm64 com.apple.xcode.tools.swift.compiler (in target 'Simpl' from project 'Simpl')
    cd /Users/runner/work/BetterCourseViewer/BetterCourseViewer/mac
    builtin-Swift-Compilation -- /Applications/Xcode_26.6.app/Contents/Developer/Toolchains/XcodeDefault.xctoolchain/usr/bin/swiftc -module-name Simpl -Onone @/Users/runner/work/BetterCourseViewer/BetterCourseViewer/build/Build/Intermediates.noindex/Simpl.build/Debug/Simpl.build/Objects-normal/arm64/Simpl.SwiftFileList -DDEBUG -enable-bare-slash-regex -enable-experimental-feature DebugDescriptionMacro -sdk /Applications/Xcode_26.6.app/Contents/Developer/Platforms/MacOSX.platform/Developer/SDKs/MacOSX26.5.sdk -target arm64-apple-macos14.0 -g -module-cache-path /Users/runner/work/BetterCourseViewer/BetterCourseViewer/build/ModuleCache.noindex -Xfrontend -serialize-debugging-options -enable-testing -Xcc -D_LIBCPP_HARDENING_MODE\=_LIBCPP_HARDENING_MODE_DEBUG -swift-version 5 -I /Users/runner/work/BetterCourseViewer/BetterCourseViewer/build/Build/Products/Debug -F /Users/runner/work/BetterCourseViewer/BetterCourseViewer/build/Build/Products/Debug -c -j3 -enable-batch-mode -incremental -Xcc -ivfsstatcache -Xcc /Users/runner/work/BetterCourseViewer/BetterCourseViewer/build/SDKStatCaches.noindex/macosx26.5-25F70-688ef53f1462e2c8f657fdc38a81448fee0e6409aa6676c5e6c013d148225433.sdkstatcache -output-file-map /Users/runner/work/BetterCourseViewer/BetterCourseViewer/build/Build/Intermediates.noindex/Simpl.build/Debug/Simpl.build/Objects-normal/arm64/Simpl-OutputFileMap.json -use-frontend-parseable-output -save-temps -no-color-diagnostics -explicit-module-build -module-cache-path /Users/runner/work/BetterCourseViewer/BetterCourseViewer/build/Build/Intermediates.noindex/SwiftExplicitPrecompiledModules -clang-scanner-module-cache-path /Users/runner/work/BetterCourseViewer/BetterCourseViewer/build/ModuleCache.noindex -sdk-module-cache-path /Users/runner/work/BetterCourseViewer/BetterCourseViewer/build/ModuleCache.noindex -serialize-diagnostics -emit-dependencies -emit-module -emit-module-path /Users/runner/work/BetterCourseViewer/BetterCourseViewer/build/Build/Intermediates.noindex/Simpl.build/Debug/Simpl.build/Objects-normal/arm64/Simpl.swiftmodule -validate-clang-modules-once -clang-build-session-file /Users/runner/work/BetterCourseViewer/BetterCourseViewer/build/ModuleCache.noindex/Session.modulevalidation -Xcc -I/Users/runner/work/BetterCourseViewer/BetterCourseViewer/build/Build/Intermediates.noindex/Simpl.build/Debug/Simpl.build/swift-overrides.hmap -emit-const-values -Xfrontend -const-gather-protocols-file -Xfrontend /Users/runner/work/BetterCourseViewer/BetterCourseViewer/build/Build/Intermediates.noindex/Simpl.build/Debug/Simpl.build/Objects-normal/arm64/Simpl_const_extract_protocols.json -Xcc -iquote -Xcc /Users/runner/work/BetterCourseViewer/BetterCourseViewer/build/Build/Intermediates.noindex/Simpl.build/Debug/Simpl.build/Simpl-generated-files.hmap -Xcc -I/Users/runner/work/BetterCourseViewer/BetterCourseViewer/build/Build/Intermediates.noindex/Simpl.build/Debug/Simpl.build/Simpl-own-target-headers.hmap -Xcc -I/Users/runner/work/BetterCourseViewer/BetterCourseViewer/build/Build/Intermediates.noindex/Simpl.build/Debug/Simpl.build/Simpl-all-target-headers.hmap -Xcc -iquote -Xcc /Users/runner/work/BetterCourseViewer/BetterCourseViewer/build/Build/Intermediates.noindex/Simpl.build/Debug/Simpl.build/Simpl-project-headers.hmap -Xcc -I/Users/runner/work/BetterCourseViewer/BetterCourseViewer/build/Build/Products/Debug/include -Xcc -I/Users/runner/work/BetterCourseViewer/BetterCourseViewer/build/Build/Intermediates.noindex/Simpl.build/Debug/Simpl.build/DerivedSources-normal/arm64 -Xcc -I/Users/runner/work/BetterCourseViewer/BetterCourseViewer/build/Build/Intermediates.noindex/Simpl.build/Debug/Simpl.build/DerivedSources/arm64 -Xcc -I/Users/runner/work/BetterCourseViewer/BetterCourseViewer/build/Build/Intermediates.noindex/Simpl.build/Debug/Simpl.build/DerivedSources -Xcc -DDEBUG\=1 -emit-objc-header -emit-objc-header-path /Users/runner/work/BetterCourseViewer/BetterCourseViewer/build/Build/Intermediates.noindex/Simpl.build/Debug/Simpl.build/Objects-normal/arm64/Simpl-Swift.h -working-directory /Users/runner/work/BetterCourseViewer/BetterCourseViewer/mac -experimental-emit-module-separately -disable-cmo

Ld /Users/runner/work/BetterCourseViewer/BetterCourseViewer/build/Build/Products/Debug/Simpl.app/Contents/MacOS/Simpl.debug.dylib normal (in target 'Simpl' from project 'Simpl')
    cd /Users/runner/work/BetterCourseViewer/BetterCourseViewer/mac
    /Applications/Xcode_26.6.app/Contents/Developer/Toolchains/XcodeDefault.xctoolchain/usr/bin/clang -Xlinker -reproducible -target arm64-apple-macos14.0 -dynamiclib -isysroot /Applications/Xcode_26.6.app/Contents/Developer/Platforms/MacOSX.platform/Developer/SDKs/MacOSX26.5.sdk -O0 -L/Users/runner/work/BetterCourseViewer/BetterCourseViewer/build/Build/Intermediates.noindex/EagerLinkingTBDs/Debug -L/Users/runner/work/BetterCourseViewer/BetterCourseViewer/build/Build/Products/Debug -F/Users/runner/work/BetterCourseViewer/BetterCourseViewer/build/Build/Intermediates.noindex/EagerLinkingTBDs/Debug -F/Users/runner/work/BetterCourseViewer/BetterCourseViewer/build/Build/Products/Debug -filelist /Users/runner/work/BetterCourseViewer/BetterCourseViewer/build/Build/Intermediates.noindex/Simpl.build/Debug/Simpl.build/Objects-normal/arm64/Simpl.LinkFileList -install_name @rpath/Simpl.debug.dylib -Xlinker -rpath -Xlinker /usr/lib/swift -Xlinker -rpath -Xlinker @executable_path/../Frameworks -Xlinker -object_path_lto -Xlinker /Users/runner/work/BetterCourseViewer/BetterCourseViewer/build/Build/Intermediates.noindex/Simpl.build/Debug/Simpl.build/Objects-normal/arm64/Simpl_lto.o -rdynamic -Xlinker -no_deduplicate -Xlinker -dependency_info -Xlinker /Users/runner/work/BetterCourseViewer/BetterCourseViewer/build/Build/Intermediates.noindex/Simpl.build/Debug/Simpl.build/Objects-normal/arm64/Simpl_dependency_info.dat -fobjc-link-runtime -L/Applications/Xcode_26.6.app/Contents/Developer/Toolchains/XcodeDefault.xctoolchain/usr/lib/swift/macosx -L/usr/lib/swift -Xlinker -add_ast_path -Xlinker /Users/runner/work/BetterCourseViewer/BetterCourseViewer/build/Build/Intermediates.noindex/Simpl.build/Debug/Simpl.build/Objects-normal/arm64/Simpl.swiftmodule @/Users/runner/work/BetterCourseViewer/BetterCourseViewer/build/Build/Intermediates.noindex/Simpl.build/Debug/Simpl.build/Objects-normal/arm64/Simpl-linker-args.resp -Xlinker -alias -Xlinker _main -Xlinker ___debug_main_executable_dylib_entry_point -Xlinker -no_adhoc_codesign -o /Users/runner/work/BetterCourseViewer/BetterCourseViewer/build/Build/Products/Debug/Simpl.app/Contents/MacOS/Simpl.debug.dylib

ConstructStubExecutorLinkFileList /Users/runner/work/BetterCourseViewer/BetterCourseViewer/build/Build/Intermediates.noindex/Simpl.build/Debug/Simpl.build/Simpl-ExecutorLinkFileList-normal-arm64.txt (in target 'Simpl' from project 'Simpl')
    cd /Users/runner/work/BetterCourseViewer/BetterCourseViewer/mac
    construct-stub-executor-link-file-list /Users/runner/work/BetterCourseViewer/BetterCourseViewer/build/Build/Products/Debug/Simpl.app/Contents/MacOS/Simpl.debug.dylib /Applications/Xcode_26.6.app/Contents/Developer/Platforms/MacOSX.platform/Developer/usr/lib/libPreviewsJITStubExecutor_no_swift_entry_point.a /Applications/Xcode_26.6.app/Contents/Developer/Platforms/MacOSX.platform/Developer/usr/lib/libPreviewsJITStubExecutor.a --output /Users/runner/work/BetterCourseViewer/BetterCourseViewer/build/Build/Intermediates.noindex/Simpl.build/Debug/Simpl.build/Simpl-ExecutorLinkFileList-normal-arm64.txt
note: Using stub executor library with Swift entry point. (in target 'Simpl' from project 'Simpl')

Ld /Users/runner/work/BetterCourseViewer/BetterCourseViewer/build/Build/Products/Debug/Simpl.app/Contents/MacOS/Simpl normal (in target 'Simpl' from project 'Simpl')
    cd /Users/runner/work/BetterCourseViewer/BetterCourseViewer/mac
    /Applications/Xcode_26.6.app/Contents/Developer/Toolchains/XcodeDefault.xctoolchain/usr/bin/clang -Xlinker -reproducible -target arm64-apple-macos14.0 -isysroot /Applications/Xcode_26.6.app/Contents/Developer/Platforms/MacOSX.platform/Developer/SDKs/MacOSX26.5.sdk -O0 -L/Users/runner/work/BetterCourseViewer/BetterCourseViewer/build/Build/Products/Debug -F/Users/runner/work/BetterCourseViewer/BetterCourseViewer/build/Build/Products/Debug -Xlinker -rpath -Xlinker @executable_path -Xlinker -rpath -Xlinker @executable_path/../Frameworks -rdynamic -Xlinker -no_deduplicate -e ___debug_blank_executor_main -Xlinker -sectcreate -Xlinker __TEXT -Xlinker __debug_dylib -Xlinker /Users/runner/work/BetterCourseViewer/BetterCourseViewer/build/Build/Intermediates.noindex/Simpl.build/Debug/Simpl.build/Simpl-DebugDylibPath-normal-arm64.txt -Xlinker -sectcreate -Xlinker __TEXT -Xlinker __debug_instlnm -Xlinker /Users/runner/work/BetterCourseViewer/BetterCourseViewer/build/Build/Intermediates.noindex/Simpl.build/Debug/Simpl.build/Simpl-DebugDylibInstallName-normal-arm64.txt -Xlinker -filelist -Xlinker /Users/runner/work/BetterCourseViewer/BetterCourseViewer/build/Build/Intermediates.noindex/Simpl.build/Debug/Simpl.build/Simpl-ExecutorLinkFileList-normal-arm64.txt /Users/runner/work/BetterCourseViewer/BetterCourseViewer/build/Build/Products/Debug/Simpl.app/Contents/MacOS/Simpl.debug.dylib -Xlinker -no_adhoc_codesign -o /Users/runner/work/BetterCourseViewer/BetterCourseViewer/build/Build/Products/Debug/Simpl.app/Contents/MacOS/Simpl

ExtractAppIntentsMetadata (in target 'Simpl' from project 'Simpl')
    cd /Users/runner/work/BetterCourseViewer/BetterCourseViewer/mac
    /Applications/Xcode_26.6.app/Contents/Developer/Toolchains/XcodeDefault.xctoolchain/usr/bin/appintentsmetadataprocessor --toolchain-dir /var/run/com.apple.security.cryptexd/mnt/com.apple.MobileAsset.MetalToolchain-v17.6.109.0.NvUiQf/Metal.xctoolchain --module-name Simpl --sdk-root /Applications/Xcode_26.6.app/Contents/Developer/Platforms/MacOSX.platform/Developer/SDKs/MacOSX26.5.sdk --xcode-version 17F113 --platform-family macOS --deployment-target 14.0 --bundle-identifier com.simplcourses.mac --output /Users/runner/work/BetterCourseViewer/BetterCourseViewer/build/Build/Products/Debug/Simpl.app/Contents/Resources --target-triple arm64-apple-macos14.0 --binary-file /Users/runner/work/BetterCourseViewer/BetterCourseViewer/build/Build/Products/Debug/Simpl.app/Contents/MacOS/Simpl --dependency-file /Users/runner/work/BetterCourseViewer/BetterCourseViewer/build/Build/Intermediates.noindex/Simpl.build/Debug/Simpl.build/Objects-normal/arm64/Simpl_dependency_info.dat --stringsdata-file /Users/runner/work/BetterCourseViewer/BetterCourseViewer/build/Build/Intermediates.noindex/Simpl.build/Debug/Simpl.build/Objects-normal/arm64/ExtractedAppShortcutsMetadata.stringsdata --source-file-list /Users/runner/work/BetterCourseViewer/BetterCourseViewer/build/Build/Intermediates.noindex/Simpl.build/Debug/Simpl.build/Objects-normal/arm64/Simpl.SwiftFileList --metadata-file-list /Users/runner/work/BetterCourseViewer/BetterCourseViewer/build/Build/Intermediates.noindex/Simpl.build/Debug/Simpl.build/Simpl.DependencyMetadataFileList --static-metadata-file-list /Users/runner/work/BetterCourseViewer/BetterCourseViewer/build/Build/Intermediates.noindex/Simpl.build/Debug/Simpl.build/Simpl.DependencyStaticMetadataFileList --swift-const-vals-list /Users/runner/work/BetterCourseViewer/BetterCourseViewer/build/Build/Intermediates.noindex/Simpl.build/Debug/Simpl.build/Objects-normal/arm64/Simpl.SwiftConstValuesFileList --compile-time-extraction --deployment-aware-processing --validate-assistant-intents --no-app-shortcuts-localization
2026-10-11 00:39:32.417 appintentsmetadataprocessor[13888:40363] Starting appintentsmetadataprocessor export
2026-10-11 00:39:32.429 appintentsmetadataprocessor[13888:40363] warning: Metadata extraction skipped. No AppIntents.framework dependency found.

CopySwiftLibs /Users/runner/work/BetterCourseViewer/BetterCourseViewer/build/Build/Products/Debug/Simpl.app (in target 'Simpl' from project 'Simpl')
    cd /Users/runner/work/BetterCourseViewer/BetterCourseViewer/mac
    builtin-swiftStdLibTool --copy --verbose --sign - --scan-executable /Users/runner/work/BetterCourseViewer/BetterCourseViewer/build/Build/Products/Debug/Simpl.app/Contents/MacOS/Simpl.debug.dylib --scan-folder /Users/runner/work/BetterCourseViewer/BetterCourseViewer/build/Build/Products/Debug/Simpl.app/Contents/Frameworks --scan-folder /Users/runner/work/BetterCourseViewer/BetterCourseViewer/build/Build/Products/Debug/Simpl.app/Contents/PlugIns --scan-folder /Users/runner/work/BetterCourseViewer/BetterCourseViewer/build/Build/Products/Debug/Simpl.app/Contents/Library/SystemExtensions --scan-folder /Users/runner/work/BetterCourseViewer/BetterCourseViewer/build/Build/Products/Debug/Simpl.app/Contents/Extensions --platform macosx --toolchain /var/run/com.apple.security.cryptexd/mnt/com.apple.MobileAsset.MetalToolchain-v17.6.109.0.NvUiQf/Metal.xctoolchain --toolchain /Applications/Xcode_26.6.app/Contents/Developer/Toolchains/XcodeDefault.xctoolchain --destination /Users/runner/work/BetterCourseViewer/BetterCourseViewer/build/Build/Products/Debug/Simpl.app/Contents/Frameworks --strip-bitcode --strip-bitcode-tool /Applications/Xcode_26.6.app/Contents/Developer/Toolchains/XcodeDefault.xctoolchain/usr/bin/bitcode_strip --emit-dependency-info /Users/runner/work/BetterCourseViewer/BetterCourseViewer/build/Build/Intermediates.noindex/Simpl.build/Debug/Simpl.build/SwiftStdLibToolInputDependencies.dep --filter-for-swift-os --back-deploy-swift-span

ProcessInfoPlistFile /Users/runner/work/BetterCourseViewer/BetterCourseViewer/build/Build/Products/Debug/Simpl.app/Contents/Info.plist /Users/runner/work/BetterCourseViewer/BetterCourseViewer/mac/Support/Info.plist (in target 'Simpl' from project 'Simpl')
    cd /Users/runner/work/BetterCourseViewer/BetterCourseViewer/mac
    builtin-infoPlistUtility /Users/runner/work/BetterCourseViewer/BetterCourseViewer/mac/Support/Info.plist -producttype com.apple.product-type.application -genpkginfo /Users/runner/work/BetterCourseViewer/BetterCourseViewer/build/Build/Products/Debug/Simpl.app/Contents/PkgInfo -expandbuildsettings -platform macosx -additionalcontentfile /Users/runner/work/BetterCourseViewer/BetterCourseViewer/build/Build/Intermediates.noindex/Simpl.build/Debug/Simpl.build/assetcatalog_generated_info.plist -o /Users/runner/work/BetterCourseViewer/BetterCourseViewer/build/Build/Products/Debug/Simpl.app/Contents/Info.plist

CodeSign /Users/runner/work/BetterCourseViewer/BetterCourseViewer/build/Build/Products/Debug/Simpl.app/Contents/MacOS/Simpl.debug.dylib (in target 'Simpl' from project 'Simpl')
    cd /Users/runner/work/BetterCourseViewer/BetterCourseViewer/mac
    
    Signing Identity:     "Sign to Run Locally"
    
    /usr/bin/codesign --force --sign - --timestamp\=none --generate-entitlement-der /Users/runner/work/BetterCourseViewer/BetterCourseViewer/build/Build/Products/Debug/Simpl.app/Contents/MacOS/Simpl.debug.dylib

CodeSign /Users/runner/work/BetterCourseViewer/BetterCourseViewer/build/Build/Products/Debug/Simpl.app/Contents/MacOS/__preview.dylib (in target 'Simpl' from project 'Simpl')
    cd /Users/runner/work/BetterCourseViewer/BetterCourseViewer/mac
    
    Signing Identity:     "Sign to Run Locally"
    
    /usr/bin/codesign --force --sign - --timestamp\=none --generate-entitlement-der /Users/runner/work/BetterCourseViewer/BetterCourseViewer/build/Build/Products/Debug/Simpl.app/Contents/MacOS/__preview.dylib

CodeSign /Users/runner/work/BetterCourseViewer/BetterCourseViewer/build/Build/Products/Debug/Simpl.app (in target 'Simpl' from project 'Simpl')
    cd /Users/runner/work/BetterCourseViewer/BetterCourseViewer/mac
    
    Signing Identity:     "Sign to Run Locally"
    
    /usr/bin/codesign --force --sign - --entitlements /Users/runner/work/BetterCourseViewer/BetterCourseViewer/build/Build/Intermediates.noindex/Simpl.build/Debug/Simpl.build/Simpl.app.xcent --timestamp\=none --generate-entitlement-der /Users/runner/work/BetterCourseViewer/BetterCourseViewer/build/Build/Products/Debug/Simpl.app

Validate /Users/runner/work/BetterCourseViewer/BetterCourseViewer/build/Build/Products/Debug/Simpl.app (in target 'Simpl' from project 'Simpl')
    cd /Users/runner/work/BetterCourseViewer/BetterCourseViewer/mac
    builtin-validationUtility /Users/runner/work/BetterCourseViewer/BetterCourseViewer/build/Build/Products/Debug/Simpl.app -no-validate-extension -infoplist-subpath Contents/Info.plist

RegisterWithLaunchServices /Users/runner/work/BetterCourseViewer/BetterCourseViewer/build/Build/Products/Debug/Simpl.app (in target 'Simpl' from project 'Simpl')
    cd /Users/runner/work/BetterCourseViewer/BetterCourseViewer/mac
    /System/Library/Frameworks/CoreServices.framework/Versions/Current/Frameworks/LaunchServices.framework/Versions/Current/Support/lsregister -f -R -trusted /Users/runner/work/BetterCourseViewer/BetterCourseViewer/build/Build/Products/Debug/Simpl.app

Build Timing Summary

SwiftCompile (5 tasks) | 10.985 seconds

SwiftEmitModule (1 task) | 4.674 seconds

SwiftDriver (1 task) | 2.005 seconds

Ld (3 tasks) | 1.437 seconds

CodeSign (3 tasks) | 0.467 seconds

RegisterWithLaunchServices (1 task) | 0.436 seconds

ExtractAppIntentsMetadata (1 task) | 0.092 seconds

CopySwiftLibs (1 task) | 0.066 seconds

SwiftDriver Compilation (1 task) | 0.056 seconds

ConstructStubExecutorLinkFileList (1 task) | 0.056 seconds

ProcessInfoPlistFile (1 task) | 0.018 seconds

Copy (3 tasks) | 0.016 seconds

SwiftDriver Compilation Requirements (1 task) | 0.003 seconds

Validate (1 task) | 0.001 seconds

note: Disabling hardened runtime with ad-hoc codesigning. (in target 'Simpl' from project 'Simpl')
** BUILD SUCCEEDED **

